// Vitest Snapshot v1, https://vitest.dev/guide/snapshot.html

exports[`catppuccin 暗/亮模式语义 > light 主题 base.black 应为深色 1`] = `
{
  "color": {
    "accent": "#cba6f7",
    "active": "rgba(205, 214, 244, 0.1)",
    "ansi": {
      "black": "#45475a",
      "blue": "#89b4fa",
      "bright": {
        "black": "#585b70",
        "blue": "#74a8fc",
        "cyan": "#6bd7ca",
        "green": "#89d88b",
        "magenta": "#f2aede",
        "red": "#f37799",
        "white": "#bac2de",
        "yellow": "#ebd391",
      },
      "cyan": "#94e2d5",
      "green": "#a6e3a1",
      "magenta": "#f5c2e7",
      "red": "#f38ba8",
      "white": "#a6adc8",
      "yellow": "#f9e2af",
    },
    "black": {
      "dark": {
        "num1": "hsla(240, 23%, 8%, 1)",
        "num2": "hsla(240, 23%, 7%, 1)",
      },
      "light": "hsla(240, 23%, 22%, 1)",
      "self": "#11111b",
    },
    "blue": {
      "dark": {
        "num1": "hsla(217, 92%, 68%, 1)",
        "num2": "hsla(217, 92%, 61%, 1)",
      },
      "light": "hsla(217, 92%, 80%, 1)",
      "self": "#89b4fa",
    },
    "body": "#1e1e2e",
    "box": {
      "body": {
        "highlight": "rgba(203, 166, 247, 0.2)",
        "self": "var(--color-body)",
      },
      "header": "rgba(37, 37, 54, 1)",
    },
    "brown": {
      "dark": {
        "num1": "hsla(0, 59%, 79%, 1)",
        "num2": "hsla(0, 59%, 70%, 1)",
      },
      "light": "hsla(0, 59%, 90%, 1)",
      "self": "#f2cdcd",
    },
    "button": "rgba(38, 38, 55, 1)",
    "card": "#1e1e2e",
    "caret": "var(--color-text)",
    "codeBg": "unset",
    "console": {
      "activeBg": "#45475a",
      "bg": "#11111b",
      "border": "#6c7086",
      "fg": {
        "self": "#cdd6f4",
        "subtle": "#a6adc8",
      },
      "hoverBg": "rgba(88, 91, 112, 0.2)",
      "link": "#89b4fa",
      "menu": {
        "bg": "var(--color-menu)",
        "border": "var(--color-secondary)",
      },
    },
    "danger": "var(--color-red)",
    "diff": {
      "added": {
        "fg": "#a6e3a1",
        "linenum": {
          "bg": "rgba(166, 227, 161, 0.1)",
        },
        "row": {
          "bg": "rgba(166, 227, 161, 0.2)",
          "border": "rgba(166, 227, 161, 0.2)",
        },
        "word": {
          "bg": "rgba(166, 227, 161, 0.1)",
        },
      },
      "inactive": "#9399b2",
      "moved": {
        "row": {
          "bg": "rgba(249, 226, 175, 0.2)",
          "border": "rgba(249, 226, 175, 0.2)",
        },
      },
      "removed": {
        "fg": "#f38ba8",
        "linenum": {
          "bg": "rgba(243, 139, 168, 0.1)",
        },
        "row": {
          "bg": "rgba(243, 139, 168, 0.2)",
          "border": "rgba(243, 139, 168, 0.2)",
        },
        "word": {
          "bg": "rgba(243, 139, 168, 0.1)",
        },
      },
    },
    "editor": {
      "lineHighlight": "rgba(205, 214, 244, 0.1)",
      "selection": "var(--color-editor-line-highlight)",
    },
    "error": {
      "bg": {
        "active": "rgba(243, 139, 168, 0.5)",
        "hover": "rgba(243, 139, 168, 0.3)",
        "self": "rgba(243, 139, 168, 0.1)",
      },
      "border": "rgba(243, 139, 168, 0.4)",
      "text": "hsla(343, 100%, 75%, 1)",
    },
    "expandButton": "rgba(203, 166, 247, 0.5)",
    "footer": "#181825",
    "gold": "#f5e0dc",
    "green": {
      "badge": {
        "bg": "rgba(166, 227, 161, 0.1)",
        "hover": {
          "bg": "rgba(166, 227, 161, 0.3)",
        },
        "self": "#a6e3a1",
      },
      "dark": {
        "num1": "hsla(115, 54%, 68%, 1)",
        "num2": "hsla(115, 54%, 61%, 1)",
      },
      "light": "hsla(115, 54%, 80%, 1)",
      "self": "#a6e3a1",
    },
    "grey": {
      "light": "hsla(228, 17%, 69%, 1)",
      "self": "#9399b2",
    },
    "highlight": {
      "bg": "rgba(148, 226, 213, 0.2)",
      "fg": "#cdd6f4",
    },
    "hover": {
      "opaque": "var(--color-box-header)",
      "self": "rgba(127, 132, 156, 0.3)",
    },
    "info": {
      "bg": "rgba(137, 180, 250, 0.1)",
      "border": "rgba(137, 180, 250, 0.4)",
      "text": "hsla(217, 100%, 76%, 1)",
    },
    "input": {
      "background": "#181825",
      "border": "#45475a",
      "text": "var(--color-text)",
      "toggleBackground": "#181825",
    },
    "label": {
      "activeBg": "rgba(108, 112, 134, 0.5)",
      "bg": "rgba(49, 50, 68, 0.4)",
      "hoverBg": "rgba(88, 91, 112, 0.2)",
      "text": "#cdd6f4",
    },
    "light": {
      "border": "#45475a",
      "self": "var(--color-body)",
    },
    "logo": "var(--color-primary)",
    "markup": {
      "code": {
        "block": "rgba(205, 214, 244, 0.05)",
        "inline": "#313244",
      },
      "tableRow": "rgba(205, 214, 244, 0.02)",
    },
    "menu": "#1e1e2e",
    "nav": {
      "bg": "#11111b",
      "hoverBg": "var(--color-hover)",
      "text": "var(--color-text)",
    },
    "olive": {
      "dark": {
        "num1": "hsla(115, 54%, 68%, 1)",
        "num2": "hsla(115, 54%, 61%, 1)",
      },
      "light": "hsla(115, 54%, 80%, 1)",
      "self": "#a6e3a1",
    },
    "orange": {
      "badge": {
        "bg": "rgba(250, 179, 135, 0.1)",
        "hover": {
          "bg": "rgba(250, 179, 135, 0.3)",
        },
        "self": "#fab387",
      },
      "dark": {
        "num1": "hsla(23, 92%, 68%, 1)",
        "num2": "hsla(23, 92%, 60%, 1)",
      },
      "light": "hsla(23, 92%, 79%, 1)",
      "self": "#fab387",
    },
    "overlayBackdrop": "#161b2266",
    "pink": {
      "dark": {
        "num1": "hsla(316, 72%, 77%, 1)",
        "num2": "hsla(316, 72%, 69%, 1)",
      },
      "light": "hsla(316, 72%, 88%, 1)",
      "self": "#f5c2e7",
    },
    "placeholderText": "var(--color-text-light-3)",
    "primary": {
      "active": "var(--color-primary-light-2)",
      "alpha": {
        "num10": "rgba(203, 166, 247, 0.1)",
        "num20": "rgba(203, 166, 247, 0.2)",
        "num30": "rgba(203, 166, 247, 0.3)",
        "num40": "rgba(203, 166, 247, 0.4)",
        "num50": "rgba(203, 166, 247, 0.5)",
        "num60": "rgba(203, 166, 247, 0.6)",
        "num70": "rgba(203, 166, 247, 0.7)",
        "num80": "rgba(203, 166, 247, 0.8)",
        "num90": "rgba(203, 166, 247, 0.9)",
      },
      "contrast": "#11111b",
      "dark": {
        "num1": "hsla(267, 84%, 83%, 1)",
        "num2": "hsla(267, 84%, 86%, 1)",
        "num3": "hsla(267, 84%, 88%, 1)",
        "num4": "hsla(267, 84%, 90%, 1)",
        "num5": "hsla(267, 84%, 92%, 1)",
        "num6": "hsla(267, 84%, 95%, 1)",
        "num7": "hsla(267, 84%, 97%, 1)",
      },
      "hover": "var(--color-primary-light-1)",
      "light": {
        "num1": "hsla(267, 84%, 71%, 1)",
        "num2": "hsla(267, 84%, 62%, 1)",
        "num3": "hsla(267, 84%, 52%, 1)",
        "num4": "hsla(267, 84%, 42%, 1)",
        "num5": "hsla(267, 84%, 32%, 1)",
        "num6": "hsla(267, 84%, 23%, 1)",
        "num7": "hsla(267, 84%, 13%, 1)",
      },
      "self": "#cba6f7",
    },
    "priority": {
      "bg": "rgba(203, 166, 247, 0.1)",
      "border": "rgba(203, 166, 247, 0.4)",
      "text": "hsla(267, 100%, 81%, 1)",
    },
    "projectColumnBg": "var(--color-secondary-light-2)",
    "purple": {
      "dark": {
        "num1": "hsla(267, 84%, 73%, 1)",
        "num2": "hsla(267, 84%, 65%, 1)",
      },
      "light": "hsla(267, 84%, 84%, 1)",
      "self": "#cba6f7",
    },
    "reaction": {
      "activeBg": "var(--color-primary-alpha-40)",
      "bg": "initial",
      "hoverBg": "var(--color-primary)",
    },
    "red": {
      "badge": {
        "bg": "rgba(243, 139, 168, 0.1)",
        "hover": {
          "bg": "rgba(243, 139, 168, 0.3)",
        },
        "self": "#f38ba8",
      },
      "dark": {
        "num1": "hsla(343, 81%, 67%, 1)",
        "num2": "hsla(343, 81%, 60%, 1)",
      },
      "light": "hsla(343, 81%, 79%, 1)",
      "self": "#f38ba8",
    },
    "secondary": {
      "active": "var(--color-secondary-dark-2)",
      "alpha": {
        "num10": "rgba(69, 71, 90, 0.1)",
        "num20": "rgba(69, 71, 90, 0.2)",
        "num30": "rgba(69, 71, 90, 0.3)",
        "num40": "rgba(69, 71, 90, 0.4)",
        "num50": "rgba(69, 71, 90, 0.5)",
        "num60": "rgba(69, 71, 90, 0.6)",
        "num70": "rgba(69, 71, 90, 0.7)",
        "num80": "rgba(69, 71, 90, 0.8)",
        "num90": "rgba(69, 71, 90, 0.9)",
      },
      "button": "var(--color-secondary-dark-4)",
      "dark": {
        "num1": "hsla(234, 13%, 35%, 1)",
        "num10": "hsla(234, 13%, 72%, 1)",
        "num11": "hsla(234, 13%, 77%, 1)",
        "num12": "hsla(234, 13%, 81%, 1)",
        "num13": "hsla(234, 13%, 86%, 1)",
        "num2": "hsla(234, 13%, 39%, 1)",
        "num3": "hsla(234, 13%, 44%, 1)",
        "num4": "hsla(234, 13%, 48%, 1)",
        "num5": "hsla(234, 13%, 52%, 1)",
        "num6": "hsla(234, 13%, 56%, 1)",
        "num7": "hsla(234, 13%, 60%, 1)",
        "num8": "hsla(234, 13%, 64%, 1)",
        "num9": "hsla(234, 13%, 68%, 1)",
      },
      "hover": "var(--color-secondary-dark-3)",
      "light": {
        "num1": "hsla(234, 13%, 26%, 1)",
        "num2": "hsla(234, 13%, 20%, 1)",
        "num3": "hsla(234, 13%, 14%, 1)",
        "num4": "hsla(234, 13%, 9%, 1)",
      },
      "self": "#45475a",
    },
    "secondaryBg": "unset",
    "secondaryNavBg": "var(--color-body)",
    "shadow": {
      "opaque": "var(--color-shadow)",
      "self": "rgba(17, 17, 27, 0.1)",
    },
    "smallAccent": "var(--color-primary-light-5)",
    "success": {
      "bg": "rgba(166, 227, 161, 0.1)",
      "border": "rgba(166, 227, 161, 0.4)",
      "text": "hsla(115, 74%, 76%, 1)",
    },
    "teal": {
      "dark": {
        "num1": "hsla(170, 57%, 66%, 1)",
        "num2": "hsla(170, 57%, 59%, 1)",
      },
      "light": "hsla(170, 57%, 77%, 1)",
      "self": "#94e2d5",
    },
    "text": {
      "dark": "#a6adc8",
      "light": {
        "num1": "#bac2de",
        "num2": "#bac2de",
        "num3": "#bac2de",
        "self": "#bac2de",
      },
      "self": "#cdd6f4",
    },
    "timeline": "#313244",
    "tooltip": {
      "bg": "#b4befe",
      "text": "#1e1e2e",
    },
    "transparency": {
      "grid": {
        "dark": "#e5e5e5",
        "light": "#ffffff",
      },
    },
    "violet": {
      "dark": {
        "num1": "hsla(232, 97%, 77%, 1)",
        "num2": "hsla(232, 97%, 68%, 1)",
      },
      "light": "hsla(232, 97%, 87%, 1)",
      "self": "#b4befe",
    },
    "warning": {
      "bg": "rgba(249, 226, 175, 0.1)",
      "border": "rgba(249, 226, 175, 0.4)",
      "text": "hsla(41, 100%, 83%, 1)",
    },
    "white": "#f0f6fc",
    "workflowEdgeHover": "#cba6f7",
    "yellow": {
      "badge": {
        "bg": "rgba(249, 226, 175, 0.1)",
        "hover": {
          "bg": "rgba(249, 226, 175, 0.3)",
        },
        "self": "#f9e2af",
      },
      "dark": {
        "num1": "hsla(41, 86%, 75%, 1)",
        "num2": "hsla(41, 86%, 67%, 1)",
      },
      "light": "hsla(41, 86%, 86%, 1)",
      "self": "#f9e2af",
    },
  },
  "github": {
    "avatar": {
      "bgColor": "rgba(69, 71, 90, 0.26)",
      "borderColor": "#313244",
    },
    "bgColor": {
      "accent": {
        "emphasis": "#cba6f7",
        "muted": "rgba(203, 166, 247, 0.2)",
      },
      "attention": {
        "emphasis": "#f9e2af",
      },
      "danger": {
        "emphasis": "#f38ba8",
      },
      "done": {
        "emphasis": "#cba6f7",
      },
      "neutral": {
        "emphasis": "#a6adc8",
      },
      "success": {
        "emphasis": "#a6e3a1",
      },
    },
    "borderColor": {
      "accent": {
        "emphasis": "#cba6f7",
      },
      "attention": {
        "emphasis": "#f2cdcd",
      },
      "done": {
        "emphasis": "#cba6f7",
      },
      "emphasis": "#484f58",
      "success": {
        "emphasis": "#a6e3a1",
      },
    },
    "button": {
      "danger": {
        "bgColor": {
          "active": "hsla(343, 81%, 70%, 1)",
          "hover": "#f38ba8",
          "rest": "rgba(38, 38, 55, 1)",
        },
        "borderColor": {
          "hover": "#f38ba8",
        },
        "fgColor": {
          "hover": "#1e1e2e",
          "rest": "#f38ba8",
        },
      },
      "default": {
        "bgColor": {
          "active": "#585b70",
        },
      },
      "invisible": {
        "iconColor": {
          "rest": "#9399b2",
        },
      },
      "primary": {
        "bgColor": {
          "active": "hsla(115, 59%, 76%, 1)",
          "hover": "hsla(115, 54%, 81%, 1)",
          "rest": "#a6e3a1",
        },
        "borderColor": {
          "hover": "#a6e3a1",
          "rest": "#a6e3a1",
        },
        "fgColor": {
          "rest": "#1e1e2e",
        },
      },
      "star": {
        "iconColor": "#f9e2af",
      },
    },
    "contribution": {
      "default": {
        "bgColor": {
          "num0": "rgba(203, 166, 247, 0.1)",
          "num1": "rgba(203, 166, 247, 0.4)",
          "num2": "rgba(203, 166, 247, 0.6)",
          "num3": "rgba(203, 166, 247, 0.8)",
          "num4": "#cba6f7",
        },
        "borderColor": {
          "num0": "rgba(30, 30, 46, 0.05)",
          "num1": "var(--github-contribution-default-borderColor-0)",
          "num2": "var(--github-contribution-default-borderColor-0)",
          "num3": "var(--github-contribution-default-borderColor-0)",
          "num4": "var(--github-contribution-default-borderColor-0)",
        },
      },
    },
    "control": {
      "bgColor": {
        "rest": "var(--color-timeline)",
      },
      "danger": {
        "bgColor": {
          "active": "rgba(243, 139, 168, 0.3)",
          "hover": "rgba(243, 139, 168, 0.1)",
        },
        "fgColor": {
          "hover": "hsla(343, 81%, 79%, 1)",
        },
      },
      "transparent": {
        "bgColor": {
          "active": "rgba(108, 112, 134, 0.5)",
          "hover": "rgba(88, 91, 112, 0.2)",
        },
        "borderColor": {
          "active": "#0000",
        },
      },
    },
    "controlKnob": {
      "bgColor": {
        "rest": "#1e1e2e",
      },
    },
    "controlTrack": {
      "bgColor": {
        "rest": "#313244",
      },
    },
    "counter": {
      "borderColor": "#0000",
    },
    "fgColor": {
      "accent": "#cba6f7",
      "done": "#cba6f7",
      "onEmphasis": "#1e1e2e",
      "success": "#a6e3a1",
    },
    "progressBar": {
      "track": {
        "bgColor": "#0000",
        "borderColor": "#0000",
      },
    },
    "shadow": {
      "floating": {
        "small": "0px 0px 0px 1px #45475a, 0px 6px 12px -3px #11111b, 0px 6px 18px 0px #11111b;",
      },
      "inset": "inset 0px 1px 0px 0px #11111b",
      "resting": {
        "medium": "drop-shadow(0 1px 1px #11111b) drop-shadow(0 3px 6px #11111b)",
        "small": "0px 1px 1px 0px #11111b, 0px 1px 3px 0px #11111b;",
      },
    },
    "themeExtra": {
      "button": {
        "primary": {
          "fgColor": {
            "accent": "#a6e3a1",
          },
        },
      },
      "contribution": {
        "default": {
          "bgColor": {
            "num5": "hsla(267, 93%, 86%, 1)",
          },
          "borderColor": {
            "num5": "var(--github-contribution-default-borderColor-0)",
          },
        },
      },
    },
    "topicTag": {
      "borderColor": "#0000",
    },
    "underlineNav": {
      "borderColor": {
        "active": "#cba6f7",
      },
    },
    "workflowCardBg": "#181825",
  },
  "isDarkTheme": true,
}
`;

exports[`catppuccin 暗/亮模式语义 > light 主题 base.black 应为深色 2`] = `
{
  "color": {
    "accent": "#8839ef",
    "active": "rgba(76, 79, 105, 0.1)",
    "ansi": {
      "black": "#5c5f77",
      "blue": "#1e66f5",
      "bright": {
        "black": "#6c6f85",
        "blue": "#456eff",
        "cyan": "#2d9fa8",
        "green": "#49af3d",
        "magenta": "#fe85d8",
        "red": "#de293e",
        "white": "#bcc0cc",
        "yellow": "#eea02d",
      },
      "cyan": "#179299",
      "green": "#40a02b",
      "magenta": "#ea76cb",
      "red": "#d20f39",
      "white": "#acb0be",
      "yellow": "#df8e1d",
    },
    "black": {
      "dark": {
        "num1": "hsla(234, 16%, 32%, 1)",
        "num2": "hsla(234, 16%, 28%, 1)",
      },
      "light": "hsla(234, 16%, 52%, 1)",
      "self": "#4c4f69",
    },
    "blue": {
      "dark": {
        "num1": "hsla(220, 91%, 49%, 1)",
        "num2": "hsla(220, 91%, 43%, 1)",
      },
      "light": "hsla(220, 91%, 65%, 1)",
      "self": "#1e66f5",
    },
    "body": "#eff1f5",
    "box": {
      "body": {
        "highlight": "rgba(136, 57, 239, 0.2)",
        "self": "var(--color-body)",
      },
      "header": "rgba(227, 229, 236, 1)",
    },
    "brown": {
      "dark": {
        "num1": "hsla(0, 60%, 60%, 1)",
        "num2": "hsla(0, 60%, 53%, 1)",
      },
      "light": "hsla(0, 60%, 75%, 1)",
      "self": "#dd7878",
    },
    "button": "rgba(225, 228, 234, 1)",
    "card": "#eff1f5",
    "caret": "var(--color-text)",
    "codeBg": "unset",
    "console": {
      "activeBg": "#bcc0cc",
      "bg": "#dce0e8",
      "border": "#9ca0b0",
      "fg": {
        "self": "#4c4f69",
        "subtle": "#6c6f85",
      },
      "hoverBg": "rgba(172, 176, 190, 0.2)",
      "link": "#1e66f5",
      "menu": {
        "bg": "var(--color-menu)",
        "border": "var(--color-secondary)",
      },
    },
    "danger": "var(--color-red)",
    "diff": {
      "added": {
        "fg": "#40a02b",
        "linenum": {
          "bg": "rgba(64, 160, 43, 0.1)",
        },
        "row": {
          "bg": "rgba(64, 160, 43, 0.2)",
          "border": "rgba(64, 160, 43, 0.2)",
        },
        "word": {
          "bg": "rgba(64, 160, 43, 0.1)",
        },
      },
      "inactive": "#7c7f93",
      "moved": {
        "row": {
          "bg": "rgba(223, 142, 29, 0.2)",
          "border": "rgba(223, 142, 29, 0.2)",
        },
      },
      "removed": {
        "fg": "#d20f39",
        "linenum": {
          "bg": "rgba(210, 15, 57, 0.1)",
        },
        "row": {
          "bg": "rgba(210, 15, 57, 0.2)",
          "border": "rgba(210, 15, 57, 0.2)",
        },
        "word": {
          "bg": "rgba(210, 15, 57, 0.1)",
        },
      },
    },
    "editor": {
      "lineHighlight": "rgba(76, 79, 105, 0.1)",
      "selection": "var(--color-editor-line-highlight)",
    },
    "error": {
      "bg": {
        "active": "rgba(210, 15, 57, 0.5)",
        "hover": "rgba(210, 15, 57, 0.3)",
        "self": "rgba(210, 15, 57, 0.1)",
      },
      "border": "rgba(210, 15, 57, 0.4)",
      "text": "hsla(347, 100%, 44%, 1)",
    },
    "expandButton": "rgba(136, 57, 239, 0.5)",
    "footer": "#e6e9ef",
    "gold": "#dc8a78",
    "green": {
      "badge": {
        "bg": "rgba(64, 160, 43, 0.1)",
        "hover": {
          "bg": "rgba(64, 160, 43, 0.3)",
        },
        "self": "#40a02b",
      },
      "dark": {
        "num1": "hsla(109, 58%, 36%, 1)",
        "num2": "hsla(109, 58%, 32%, 1)",
      },
      "light": "hsla(109, 58%, 55%, 1)",
      "self": "#40a02b",
    },
    "grey": {
      "light": "hsla(232, 10%, 65%, 1)",
      "self": "#7c7f93",
    },
    "highlight": {
      "bg": "rgba(23, 146, 153, 0.2)",
      "fg": "#4c4f69",
    },
    "hover": {
      "opaque": "var(--color-box-header)",
      "self": "rgba(140, 143, 161, 0.3)",
    },
    "info": {
      "bg": "rgba(30, 102, 245, 0.1)",
      "border": "rgba(30, 102, 245, 0.4)",
      "text": "hsla(220, 100%, 54%, 1)",
    },
    "input": {
      "background": "#e6e9ef",
      "border": "#bcc0cc",
      "text": "var(--color-text)",
      "toggleBackground": "#e6e9ef",
    },
    "label": {
      "activeBg": "rgba(156, 160, 176, 0.5)",
      "bg": "rgba(204, 208, 218, 0.4)",
      "hoverBg": "rgba(172, 176, 190, 0.2)",
      "text": "#4c4f69",
    },
    "light": {
      "border": "#bcc0cc",
      "self": "var(--color-body)",
    },
    "logo": "var(--color-primary)",
    "markup": {
      "code": {
        "block": "rgba(76, 79, 105, 0.05)",
        "inline": "#ccd0da",
      },
      "tableRow": "rgba(76, 79, 105, 0.02)",
    },
    "menu": "#eff1f5",
    "nav": {
      "bg": "#dce0e8",
      "hoverBg": "var(--color-hover)",
      "text": "var(--color-text)",
    },
    "olive": {
      "dark": {
        "num1": "hsla(109, 58%, 36%, 1)",
        "num2": "hsla(109, 58%, 32%, 1)",
      },
      "light": "hsla(109, 58%, 55%, 1)",
      "self": "#40a02b",
    },
    "orange": {
      "badge": {
        "bg": "rgba(254, 100, 11, 0.1)",
        "hover": {
          "bg": "rgba(254, 100, 11, 0.3)",
        },
        "self": "#fe640b",
      },
      "dark": {
        "num1": "hsla(22, 99%, 47%, 1)",
        "num2": "hsla(22, 99%, 42%, 1)",
      },
      "light": "hsla(22, 99%, 64%, 1)",
      "self": "#fe640b",
    },
    "overlayBackdrop": "#161b2266",
    "pink": {
      "dark": {
        "num1": "hsla(316, 73%, 62%, 1)",
        "num2": "hsla(316, 73%, 55%, 1)",
      },
      "light": "hsla(316, 73%, 77%, 1)",
      "self": "#ea76cb",
    },
    "placeholderText": "var(--color-text-light-3)",
    "primary": {
      "active": "var(--color-primary-dark-2)",
      "alpha": {
        "num10": "rgba(136, 57, 239, 0.1)",
        "num20": "rgba(136, 57, 239, 0.2)",
        "num30": "rgba(136, 57, 239, 0.3)",
        "num40": "rgba(136, 57, 239, 0.4)",
        "num50": "rgba(136, 57, 239, 0.5)",
        "num60": "rgba(136, 57, 239, 0.6)",
        "num70": "rgba(136, 57, 239, 0.7)",
        "num80": "rgba(136, 57, 239, 0.8)",
        "num90": "rgba(136, 57, 239, 0.9)",
      },
      "contrast": "#dce0e8",
      "dark": {
        "num1": "hsla(266, 85%, 51%, 1)",
        "num2": "hsla(266, 85%, 44%, 1)",
        "num3": "hsla(266, 85%, 37%, 1)",
        "num4": "hsla(266, 85%, 30%, 1)",
        "num5": "hsla(266, 85%, 23%, 1)",
        "num6": "hsla(266, 85%, 16%, 1)",
        "num7": "hsla(266, 85%, 9%, 1)",
      },
      "hover": "var(--color-primary-dark-1)",
      "light": {
        "num1": "hsla(266, 85%, 63%, 1)",
        "num2": "hsla(266, 85%, 68%, 1)",
        "num3": "hsla(266, 85%, 73%, 1)",
        "num4": "hsla(266, 85%, 78%, 1)",
        "num5": "hsla(266, 85%, 83%, 1)",
        "num6": "hsla(266, 85%, 88%, 1)",
        "num7": "hsla(266, 85%, 93%, 1)",
      },
      "self": "#8839ef",
    },
    "priority": {
      "bg": "rgba(136, 57, 239, 0.1)",
      "border": "rgba(136, 57, 239, 0.4)",
      "text": "hsla(266, 100%, 58%, 1)",
    },
    "projectColumnBg": "var(--color-secondary-light-2)",
    "purple": {
      "dark": {
        "num1": "hsla(266, 85%, 52%, 1)",
        "num2": "hsla(266, 85%, 46%, 1)",
      },
      "light": "hsla(266, 85%, 69%, 1)",
      "self": "#8839ef",
    },
    "reaction": {
      "activeBg": "var(--color-primary-alpha-40)",
      "bg": "initial",
      "hoverBg": "var(--color-primary)",
    },
    "red": {
      "badge": {
        "bg": "rgba(210, 15, 57, 0.1)",
        "hover": {
          "bg": "rgba(210, 15, 57, 0.3)",
        },
        "self": "#d20f39",
      },
      "dark": {
        "num1": "hsla(347, 87%, 40%, 1)",
        "num2": "hsla(347, 87%, 35%, 1)",
      },
      "light": "hsla(347, 87%, 58%, 1)",
      "self": "#d20f39",
    },
    "secondary": {
      "active": "var(--color-secondary-dark-6)",
      "alpha": {
        "num10": "rgba(188, 192, 204, 0.1)",
        "num20": "rgba(188, 192, 204, 0.2)",
        "num30": "rgba(188, 192, 204, 0.3)",
        "num40": "rgba(188, 192, 204, 0.4)",
        "num50": "rgba(188, 192, 204, 0.5)",
        "num60": "rgba(188, 192, 204, 0.6)",
        "num70": "rgba(188, 192, 204, 0.7)",
        "num80": "rgba(188, 192, 204, 0.8)",
        "num90": "rgba(188, 192, 204, 0.9)",
      },
      "button": "var(--color-secondary-dark-4)",
      "dark": {
        "num1": "hsla(225, 14%, 72%, 1)",
        "num10": "hsla(225, 14%, 31%, 1)",
        "num11": "hsla(225, 14%, 26%, 1)",
        "num12": "hsla(225, 14%, 22%, 1)",
        "num13": "hsla(225, 14%, 15%, 1)",
        "num2": "hsla(225, 14%, 68%, 1)",
        "num3": "hsla(225, 14%, 63%, 1)",
        "num4": "hsla(225, 14%, 58%, 1)",
        "num5": "hsla(225, 14%, 54%, 1)",
        "num6": "hsla(225, 14%, 49%, 1)",
        "num7": "hsla(225, 14%, 45%, 1)",
        "num8": "hsla(225, 14%, 40%, 1)",
        "num9": "hsla(225, 14%, 35%, 1)",
      },
      "hover": "var(--color-secondary-dark-5)",
      "light": {
        "num1": "hsla(225, 14%, 81%, 1)",
        "num2": "hsla(225, 14%, 85%, 1)",
        "num3": "hsla(225, 14%, 89%, 1)",
        "num4": "hsla(225, 14%, 94%, 1)",
      },
      "self": "#bcc0cc",
    },
    "secondaryBg": "unset",
    "secondaryNavBg": "var(--color-body)",
    "shadow": {
      "opaque": "var(--color-shadow)",
      "self": "rgba(220, 224, 232, 0.1)",
    },
    "smallAccent": "var(--color-primary-light-5)",
    "success": {
      "bg": "rgba(64, 160, 43, 0.1)",
      "border": "rgba(64, 160, 43, 0.4)",
      "text": "hsla(109, 78%, 40%, 1)",
    },
    "teal": {
      "dark": {
        "num1": "hsla(183, 74%, 31%, 1)",
        "num2": "hsla(183, 74%, 28%, 1)",
      },
      "light": "hsla(183, 74%, 51%, 1)",
      "self": "#179299",
    },
    "text": {
      "dark": "#6c6f85",
      "light": {
        "num1": "#5c5f77",
        "num2": "#5c5f77",
        "num3": "#5c5f77",
        "self": "#5c5f77",
      },
      "self": "#4c4f69",
    },
    "timeline": "#ccd0da",
    "tooltip": {
      "bg": "#7287fd",
      "text": "#eff1f5",
    },
    "transparency": {
      "grid": {
        "dark": "#e5e5e5",
        "light": "#ffffff",
      },
    },
    "violet": {
      "dark": {
        "num1": "hsla(231, 97%, 65%, 1)",
        "num2": "hsla(231, 97%, 58%, 1)",
      },
      "light": "hsla(231, 97%, 79%, 1)",
      "self": "#7287fd",
    },
    "warning": {
      "bg": "rgba(223, 142, 29, 0.1)",
      "border": "rgba(223, 142, 29, 0.4)",
      "text": "hsla(35, 97%, 49%, 1)",
    },
    "white": "#f0f6fc",
    "workflowEdgeHover": "#8839ef",
    "yellow": {
      "badge": {
        "bg": "rgba(223, 142, 29, 0.1)",
        "hover": {
          "bg": "rgba(223, 142, 29, 0.3)",
        },
        "self": "#df8e1d",
      },
      "dark": {
        "num1": "hsla(35, 77%, 44%, 1)",
        "num2": "hsla(35, 77%, 40%, 1)",
      },
      "light": "hsla(35, 77%, 62%, 1)",
      "self": "#df8e1d",
    },
  },
  "github": {
    "avatar": {
      "bgColor": "rgba(188, 192, 204, 0.26)",
      "borderColor": "#ccd0da",
    },
    "bgColor": {
      "accent": {
        "emphasis": "#8839ef",
        "muted": "rgba(136, 57, 239, 0.2)",
      },
      "attention": {
        "emphasis": "#df8e1d",
      },
      "danger": {
        "emphasis": "#d20f39",
      },
      "done": {
        "emphasis": "#8839ef",
      },
      "neutral": {
        "emphasis": "#6c6f85",
      },
      "success": {
        "emphasis": "#40a02b",
      },
    },
    "borderColor": {
      "accent": {
        "emphasis": "#8839ef",
      },
      "attention": {
        "emphasis": "#dd7878",
      },
      "done": {
        "emphasis": "#8839ef",
      },
      "emphasis": "#484f58",
      "success": {
        "emphasis": "#40a02b",
      },
    },
    "button": {
      "danger": {
        "bgColor": {
          "active": "hsla(347, 87%, 39%, 1)",
          "hover": "#d20f39",
          "rest": "rgba(225, 228, 234, 1)",
        },
        "borderColor": {
          "hover": "#d20f39",
        },
        "fgColor": {
          "hover": "#eff1f5",
          "rest": "#d20f39",
        },
      },
      "default": {
        "bgColor": {
          "active": "#acb0be",
        },
      },
      "invisible": {
        "iconColor": {
          "rest": "#7c7f93",
        },
      },
      "primary": {
        "bgColor": {
          "active": "hsla(109, 63%, 40%, 1)",
          "hover": "hsla(109, 58%, 45%, 1)",
          "rest": "#40a02b",
        },
        "borderColor": {
          "hover": "#40a02b",
          "rest": "#40a02b",
        },
        "fgColor": {
          "rest": "#eff1f5",
        },
      },
      "star": {
        "iconColor": "#df8e1d",
      },
    },
    "contribution": {
      "default": {
        "bgColor": {
          "num0": "rgba(136, 57, 239, 0.1)",
          "num1": "rgba(136, 57, 239, 0.4)",
          "num2": "rgba(136, 57, 239, 0.6)",
          "num3": "rgba(136, 57, 239, 0.8)",
          "num4": "#8839ef",
        },
        "borderColor": {
          "num0": "rgba(239, 241, 245, 0.05)",
          "num1": "var(--github-contribution-default-borderColor-0)",
          "num2": "var(--github-contribution-default-borderColor-0)",
          "num3": "var(--github-contribution-default-borderColor-0)",
          "num4": "var(--github-contribution-default-borderColor-0)",
        },
      },
    },
    "control": {
      "bgColor": {
        "rest": "var(--color-timeline)",
      },
      "danger": {
        "bgColor": {
          "active": "rgba(210, 15, 57, 0.3)",
          "hover": "rgba(210, 15, 57, 0.1)",
        },
        "fgColor": {
          "hover": "hsla(347, 87%, 58%, 1)",
        },
      },
      "transparent": {
        "bgColor": {
          "active": "rgba(156, 160, 176, 0.5)",
          "hover": "rgba(172, 176, 190, 0.2)",
        },
        "borderColor": {
          "active": "#0000",
        },
      },
    },
    "controlKnob": {
      "bgColor": {
        "rest": "#eff1f5",
      },
    },
    "controlTrack": {
      "bgColor": {
        "rest": "#ccd0da",
      },
    },
    "counter": {
      "borderColor": "#0000",
    },
    "fgColor": {
      "accent": "#8839ef",
      "done": "#8839ef",
      "onEmphasis": "#eff1f5",
      "success": "#40a02b",
    },
    "progressBar": {
      "track": {
        "bgColor": "#0000",
        "borderColor": "#0000",
      },
    },
    "shadow": {
      "floating": {
        "small": "0px 0px 0px 1px #bcc0cc, 0px 6px 12px -3px #dce0e8, 0px 6px 18px 0px #dce0e8;",
      },
      "inset": "inset 0px 1px 0px 0px #dce0e8",
      "resting": {
        "medium": "drop-shadow(0 1px 1px #dce0e8) drop-shadow(0 3px 6px #dce0e8)",
        "small": "0px 1px 1px 0px #dce0e8, 0px 1px 3px 0px #dce0e8;",
      },
    },
    "themeExtra": {
      "button": {
        "primary": {
          "fgColor": {
            "accent": "#40a02b",
          },
        },
      },
      "contribution": {
        "default": {
          "bgColor": {
            "num5": "hsla(266, 95%, 44%, 1)",
          },
          "borderColor": {
            "num5": "var(--github-contribution-default-borderColor-0)",
          },
        },
      },
    },
    "topicTag": {
      "borderColor": "#0000",
    },
    "underlineNav": {
      "borderColor": {
        "active": "#8839ef",
      },
    },
    "workflowCardBg": "#e6e9ef",
  },
  "isDarkTheme": false,
}
`;

exports[`catppuccin 暗/亮模式语义 > light 主题 base.black 应为深色 3`] = `
{
  "color": {
    "accent": "#ca9ee6",
    "active": "rgba(198, 208, 245, 0.1)",
    "ansi": {
      "black": "#51576d",
      "blue": "#8caaee",
      "bright": {
        "black": "#626880",
        "blue": "#7b9ef0",
        "cyan": "#5abfb5",
        "green": "#8ec772",
        "magenta": "#f2a4db",
        "red": "#e67172",
        "white": "#b5bfe2",
        "yellow": "#d9ba73",
      },
      "cyan": "#81c8be",
      "green": "#a6d189",
      "magenta": "#f4b8e4",
      "red": "#e78284",
      "white": "#a5adce",
      "yellow": "#e5c890",
    },
    "black": {
      "dark": {
        "num1": "hsla(229, 20%, 15%, 1)",
        "num2": "hsla(229, 20%, 14%, 1)",
      },
      "light": "hsla(229, 20%, 30%, 1)",
      "self": "#232634",
    },
    "blue": {
      "dark": {
        "num1": "hsla(222, 74%, 67%, 1)",
        "num2": "hsla(222, 74%, 59%, 1)",
      },
      "light": "hsla(222, 74%, 78%, 1)",
      "self": "#8caaee",
    },
    "body": "#303446",
    "box": {
      "body": {
        "highlight": "rgba(202, 158, 230, 0.2)",
        "self": "var(--color-body)",
      },
      "header": "rgba(54, 58, 77, 1)",
    },
    "brown": {
      "dark": {
        "num1": "hsla(0, 59%, 76%, 1)",
        "num2": "hsla(0, 59%, 67%, 1)",
      },
      "light": "hsla(0, 59%, 86%, 1)",
      "self": "#eebebe",
    },
    "button": "rgba(55, 59, 78, 1)",
    "card": "#303446",
    "caret": "var(--color-text)",
    "codeBg": "unset",
    "console": {
      "activeBg": "#51576d",
      "bg": "#232634",
      "border": "#737994",
      "fg": {
        "self": "#c6d0f5",
        "subtle": "#a5adce",
      },
      "hoverBg": "rgba(98, 104, 128, 0.2)",
      "link": "#8caaee",
      "menu": {
        "bg": "var(--color-menu)",
        "border": "var(--color-secondary)",
      },
    },
    "danger": "var(--color-red)",
    "diff": {
      "added": {
        "fg": "#a6d189",
        "linenum": {
          "bg": "rgba(166, 209, 137, 0.1)",
        },
        "row": {
          "bg": "rgba(166, 209, 137, 0.2)",
          "border": "rgba(166, 209, 137, 0.2)",
        },
        "word": {
          "bg": "rgba(166, 209, 137, 0.1)",
        },
      },
      "inactive": "#949cbb",
      "moved": {
        "row": {
          "bg": "rgba(229, 200, 144, 0.2)",
          "border": "rgba(229, 200, 144, 0.2)",
        },
      },
      "removed": {
        "fg": "#e78284",
        "linenum": {
          "bg": "rgba(231, 130, 132, 0.1)",
        },
        "row": {
          "bg": "rgba(231, 130, 132, 0.2)",
          "border": "rgba(231, 130, 132, 0.2)",
        },
        "word": {
          "bg": "rgba(231, 130, 132, 0.1)",
        },
      },
    },
    "editor": {
      "lineHighlight": "rgba(198, 208, 245, 0.1)",
      "selection": "var(--color-editor-line-highlight)",
    },
    "error": {
      "bg": {
        "active": "rgba(231, 130, 132, 0.5)",
        "hover": "rgba(231, 130, 132, 0.3)",
        "self": "rgba(231, 130, 132, 0.1)",
      },
      "border": "rgba(231, 130, 132, 0.4)",
      "text": "hsla(359, 88%, 71%, 1)",
    },
    "expandButton": "rgba(202, 158, 230, 0.5)",
    "footer": "#292c3c",
    "gold": "#f2d5cf",
    "green": {
      "badge": {
        "bg": "rgba(166, 209, 137, 0.1)",
        "hover": {
          "bg": "rgba(166, 209, 137, 0.3)",
        },
        "self": "#a6d189",
      },
      "dark": {
        "num1": "hsla(96, 44%, 61%, 1)",
        "num2": "hsla(96, 44%, 54%, 1)",
      },
      "light": "hsla(96, 44%, 73%, 1)",
      "self": "#a6d189",
    },
    "grey": {
      "light": "hsla(228, 22%, 71%, 1)",
      "self": "#949cbb",
    },
    "highlight": {
      "bg": "rgba(129, 200, 190, 0.2)",
      "fg": "#c6d0f5",
    },
    "hover": {
      "opaque": "var(--color-box-header)",
      "self": "rgba(131, 139, 167, 0.3)",
    },
    "info": {
      "bg": "rgba(140, 170, 238, 0.1)",
      "border": "rgba(140, 170, 238, 0.4)",
      "text": "hsla(222, 94%, 74%, 1)",
    },
    "input": {
      "background": "#292c3c",
      "border": "#51576d",
      "text": "var(--color-text)",
      "toggleBackground": "#292c3c",
    },
    "label": {
      "activeBg": "rgba(115, 121, 148, 0.5)",
      "bg": "rgba(65, 69, 89, 0.4)",
      "hoverBg": "rgba(98, 104, 128, 0.2)",
      "text": "#c6d0f5",
    },
    "light": {
      "border": "#51576d",
      "self": "var(--color-body)",
    },
    "logo": "var(--color-primary)",
    "markup": {
      "code": {
        "block": "rgba(198, 208, 245, 0.05)",
        "inline": "#414559",
      },
      "tableRow": "rgba(198, 208, 245, 0.02)",
    },
    "menu": "#303446",
    "nav": {
      "bg": "#232634",
      "hoverBg": "var(--color-hover)",
      "text": "var(--color-text)",
    },
    "olive": {
      "dark": {
        "num1": "hsla(96, 44%, 61%, 1)",
        "num2": "hsla(96, 44%, 54%, 1)",
      },
      "light": "hsla(96, 44%, 73%, 1)",
      "self": "#a6d189",
    },
    "orange": {
      "badge": {
        "bg": "rgba(239, 159, 118, 0.1)",
        "hover": {
          "bg": "rgba(239, 159, 118, 0.3)",
        },
        "self": "#ef9f76",
      },
      "dark": {
        "num1": "hsla(20, 79%, 63%, 1)",
        "num2": "hsla(20, 79%, 56%, 1)",
      },
      "light": "hsla(20, 79%, 75%, 1)",
      "self": "#ef9f76",
    },
    "overlayBackdrop": "#161b2266",
    "pink": {
      "dark": {
        "num1": "hsla(316, 73%, 76%, 1)",
        "num2": "hsla(316, 73%, 67%, 1)",
      },
      "light": "hsla(316, 73%, 86%, 1)",
      "self": "#f4b8e4",
    },
    "placeholderText": "var(--color-text-light-3)",
    "primary": {
      "active": "var(--color-primary-light-2)",
      "alpha": {
        "num10": "rgba(202, 158, 230, 0.1)",
        "num20": "rgba(202, 158, 230, 0.2)",
        "num30": "rgba(202, 158, 230, 0.3)",
        "num40": "rgba(202, 158, 230, 0.4)",
        "num50": "rgba(202, 158, 230, 0.5)",
        "num60": "rgba(202, 158, 230, 0.6)",
        "num70": "rgba(202, 158, 230, 0.7)",
        "num80": "rgba(202, 158, 230, 0.8)",
        "num90": "rgba(202, 158, 230, 0.9)",
      },
      "contrast": "#232634",
      "dark": {
        "num1": "hsla(277, 59%, 79%, 1)",
        "num2": "hsla(277, 59%, 82%, 1)",
        "num3": "hsla(277, 59%, 85%, 1)",
        "num4": "hsla(277, 59%, 88%, 1)",
        "num5": "hsla(277, 59%, 90%, 1)",
        "num6": "hsla(277, 59%, 93%, 1)",
        "num7": "hsla(277, 59%, 96%, 1)",
      },
      "hover": "var(--color-primary-light-1)",
      "light": {
        "num1": "hsla(277, 59%, 67%, 1)",
        "num2": "hsla(277, 59%, 58%, 1)",
        "num3": "hsla(277, 59%, 49%, 1)",
        "num4": "hsla(277, 59%, 40%, 1)",
        "num5": "hsla(277, 59%, 30%, 1)",
        "num6": "hsla(277, 59%, 21%, 1)",
        "num7": "hsla(277, 59%, 12%, 1)",
      },
      "self": "#ca9ee6",
    },
    "priority": {
      "bg": "rgba(202, 158, 230, 0.1)",
      "border": "rgba(202, 158, 230, 0.4)",
      "text": "hsla(277, 79%, 76%, 1)",
    },
    "projectColumnBg": "var(--color-secondary-light-2)",
    "purple": {
      "dark": {
        "num1": "hsla(277, 59%, 68%, 1)",
        "num2": "hsla(277, 59%, 61%, 1)",
      },
      "light": "hsla(277, 59%, 80%, 1)",
      "self": "#ca9ee6",
    },
    "reaction": {
      "activeBg": "var(--color-primary-alpha-40)",
      "bg": "initial",
      "hoverBg": "var(--color-primary)",
    },
    "red": {
      "badge": {
        "bg": "rgba(231, 130, 132, 0.1)",
        "hover": {
          "bg": "rgba(231, 130, 132, 0.3)",
        },
        "self": "#e78284",
      },
      "dark": {
        "num1": "hsla(359, 68%, 64%, 1)",
        "num2": "hsla(359, 68%, 57%, 1)",
      },
      "light": "hsla(359, 68%, 75%, 1)",
      "self": "#e78284",
    },
    "secondary": {
      "active": "var(--color-secondary-dark-2)",
      "alpha": {
        "num10": "rgba(81, 87, 109, 0.1)",
        "num20": "rgba(81, 87, 109, 0.2)",
        "num30": "rgba(81, 87, 109, 0.3)",
        "num40": "rgba(81, 87, 109, 0.4)",
        "num50": "rgba(81, 87, 109, 0.5)",
        "num60": "rgba(81, 87, 109, 0.6)",
        "num70": "rgba(81, 87, 109, 0.7)",
        "num80": "rgba(81, 87, 109, 0.8)",
        "num90": "rgba(81, 87, 109, 0.9)",
      },
      "button": "var(--color-secondary-dark-4)",
      "dark": {
        "num1": "hsla(227, 15%, 41%, 1)",
        "num10": "hsla(227, 15%, 75%, 1)",
        "num11": "hsla(227, 15%, 79%, 1)",
        "num12": "hsla(227, 15%, 82%, 1)",
        "num13": "hsla(227, 15%, 87%, 1)",
        "num2": "hsla(227, 15%, 45%, 1)",
        "num3": "hsla(227, 15%, 49%, 1)",
        "num4": "hsla(227, 15%, 52%, 1)",
        "num5": "hsla(227, 15%, 56%, 1)",
        "num6": "hsla(227, 15%, 60%, 1)",
        "num7": "hsla(227, 15%, 64%, 1)",
        "num8": "hsla(227, 15%, 67%, 1)",
        "num9": "hsla(227, 15%, 71%, 1)",
      },
      "hover": "var(--color-secondary-dark-3)",
      "light": {
        "num1": "hsla(227, 15%, 31%, 1)",
        "num2": "hsla(227, 15%, 24%, 1)",
        "num3": "hsla(227, 15%, 17%, 1)",
        "num4": "hsla(227, 15%, 10%, 1)",
      },
      "self": "#51576d",
    },
    "secondaryBg": "unset",
    "secondaryNavBg": "var(--color-body)",
    "shadow": {
      "opaque": "var(--color-shadow)",
      "self": "rgba(35, 38, 52, 0.1)",
    },
    "smallAccent": "var(--color-primary-light-5)",
    "success": {
      "bg": "rgba(166, 209, 137, 0.1)",
      "border": "rgba(166, 209, 137, 0.4)",
      "text": "hsla(96, 64%, 68%, 1)",
    },
    "teal": {
      "dark": {
        "num1": "hsla(172, 39%, 58%, 1)",
        "num2": "hsla(172, 39%, 52%, 1)",
      },
      "light": "hsla(172, 39%, 70%, 1)",
      "self": "#81c8be",
    },
    "text": {
      "dark": "#a5adce",
      "light": {
        "num1": "#b5bfe2",
        "num2": "#b5bfe2",
        "num3": "#b5bfe2",
        "self": "#b5bfe2",
      },
      "self": "#c6d0f5",
    },
    "timeline": "#414559",
    "tooltip": {
      "bg": "#babbf1",
      "text": "#303446",
    },
    "transparency": {
      "grid": {
        "dark": "#e5e5e5",
        "light": "#ffffff",
      },
    },
    "violet": {
      "dark": {
        "num1": "hsla(239, 66%, 75%, 1)",
        "num2": "hsla(239, 66%, 67%, 1)",
      },
      "light": "hsla(239, 66%, 86%, 1)",
      "self": "#babbf1",
    },
    "warning": {
      "bg": "rgba(229, 200, 144, 0.1)",
      "border": "rgba(229, 200, 144, 0.4)",
      "text": "hsla(40, 82%, 73%, 1)",
    },
    "white": "#f0f6fc",
    "workflowEdgeHover": "#ca9ee6",
    "yellow": {
      "badge": {
        "bg": "rgba(229, 200, 144, 0.1)",
        "hover": {
          "bg": "rgba(229, 200, 144, 0.3)",
        },
        "self": "#e5c890",
      },
      "dark": {
        "num1": "hsla(40, 62%, 66%, 1)",
        "num2": "hsla(40, 62%, 59%, 1)",
      },
      "light": "hsla(40, 62%, 77%, 1)",
      "self": "#e5c890",
    },
  },
  "github": {
    "avatar": {
      "bgColor": "rgba(81, 87, 109, 0.26)",
      "borderColor": "#414559",
    },
    "bgColor": {
      "accent": {
        "emphasis": "#ca9ee6",
        "muted": "rgba(202, 158, 230, 0.2)",
      },
      "attention": {
        "emphasis": "#e5c890",
      },
      "danger": {
        "emphasis": "#e78284",
      },
      "done": {
        "emphasis": "#ca9ee6",
      },
      "neutral": {
        "emphasis": "#a5adce",
      },
      "success": {
        "emphasis": "#a6d189",
      },
    },
    "borderColor": {
      "accent": {
        "emphasis": "#ca9ee6",
      },
      "attention": {
        "emphasis": "#eebebe",
      },
      "done": {
        "emphasis": "#ca9ee6",
      },
      "emphasis": "#484f58",
      "success": {
        "emphasis": "#a6d189",
      },
    },
    "button": {
      "danger": {
        "bgColor": {
          "active": "hsla(359, 68%, 66%, 1)",
          "hover": "#e78284",
          "rest": "rgba(55, 59, 78, 1)",
        },
        "borderColor": {
          "hover": "#e78284",
        },
        "fgColor": {
          "hover": "#303446",
          "rest": "#e78284",
        },
      },
      "default": {
        "bgColor": {
          "active": "#626880",
        },
      },
      "invisible": {
        "iconColor": {
          "rest": "#949cbb",
        },
      },
      "primary": {
        "bgColor": {
          "active": "hsla(96, 49%, 68%, 1)",
          "hover": "hsla(96, 44%, 73%, 1)",
          "rest": "#a6d189",
        },
        "borderColor": {
          "hover": "#a6d189",
          "rest": "#a6d189",
        },
        "fgColor": {
          "rest": "#303446",
        },
      },
      "star": {
        "iconColor": "#e5c890",
      },
    },
    "contribution": {
      "default": {
        "bgColor": {
          "num0": "rgba(202, 158, 230, 0.1)",
          "num1": "rgba(202, 158, 230, 0.4)",
          "num2": "rgba(202, 158, 230, 0.6)",
          "num3": "rgba(202, 158, 230, 0.8)",
          "num4": "#ca9ee6",
        },
        "borderColor": {
          "num0": "rgba(48, 52, 70, 0.05)",
          "num1": "var(--github-contribution-default-borderColor-0)",
          "num2": "var(--github-contribution-default-borderColor-0)",
          "num3": "var(--github-contribution-default-borderColor-0)",
          "num4": "var(--github-contribution-default-borderColor-0)",
        },
      },
    },
    "control": {
      "bgColor": {
        "rest": "var(--color-timeline)",
      },
      "danger": {
        "bgColor": {
          "active": "rgba(231, 130, 132, 0.3)",
          "hover": "rgba(231, 130, 132, 0.1)",
        },
        "fgColor": {
          "hover": "hsla(359, 68%, 75%, 1)",
        },
      },
      "transparent": {
        "bgColor": {
          "active": "rgba(115, 121, 148, 0.5)",
          "hover": "rgba(98, 104, 128, 0.2)",
        },
        "borderColor": {
          "active": "#0000",
        },
      },
    },
    "controlKnob": {
      "bgColor": {
        "rest": "#303446",
      },
    },
    "controlTrack": {
      "bgColor": {
        "rest": "#414559",
      },
    },
    "counter": {
      "borderColor": "#0000",
    },
    "fgColor": {
      "accent": "#ca9ee6",
      "done": "#ca9ee6",
      "onEmphasis": "#303446",
      "success": "#a6d189",
    },
    "progressBar": {
      "track": {
        "bgColor": "#0000",
        "borderColor": "#0000",
      },
    },
    "shadow": {
      "floating": {
        "small": "0px 0px 0px 1px #51576d, 0px 6px 12px -3px #232634, 0px 6px 18px 0px #232634;",
      },
      "inset": "inset 0px 1px 0px 0px #232634",
      "resting": {
        "medium": "drop-shadow(0 1px 1px #232634) drop-shadow(0 3px 6px #232634)",
        "small": "0px 1px 1px 0px #232634, 0px 1px 3px 0px #232634;",
      },
    },
    "themeExtra": {
      "button": {
        "primary": {
          "fgColor": {
            "accent": "#a6d189",
          },
        },
      },
      "contribution": {
        "default": {
          "bgColor": {
            "num5": "hsla(277, 69%, 82%, 1)",
          },
          "borderColor": {
            "num5": "var(--github-contribution-default-borderColor-0)",
          },
        },
      },
    },
    "topicTag": {
      "borderColor": "#0000",
    },
    "underlineNav": {
      "borderColor": {
        "active": "#ca9ee6",
      },
    },
    "workflowCardBg": "#292c3c",
  },
  "isDarkTheme": true,
}
`;

exports[`catppuccin 暗/亮模式语义 > light 主题 base.black 应为深色 4`] = `
{
  "color": {
    "accent": "#c6a0f6",
    "active": "rgba(202, 211, 245, 0.1)",
    "ansi": {
      "black": "#494d64",
      "blue": "#8aadf4",
      "bright": {
        "black": "#5b6078",
        "blue": "#78a1f6",
        "cyan": "#63cbc0",
        "green": "#8ccf7f",
        "magenta": "#f2a9dd",
        "red": "#ec7486",
        "white": "#b8c0e0",
        "yellow": "#e1c682",
      },
      "cyan": "#8bd5ca",
      "green": "#a6da95",
      "magenta": "#f5bde6",
      "red": "#ed8796",
      "white": "#a5adcb",
      "yellow": "#eed49f",
    },
    "black": {
      "dark": {
        "num1": "hsla(236, 23%, 11%, 1)",
        "num2": "hsla(236, 23%, 10%, 1)",
      },
      "light": "hsla(236, 23%, 25%, 1)",
      "self": "#181926",
    },
    "blue": {
      "dark": {
        "num1": "hsla(220, 83%, 67%, 1)",
        "num2": "hsla(220, 83%, 60%, 1)",
      },
      "light": "hsla(220, 83%, 79%, 1)",
      "self": "#8aadf4",
    },
    "body": "#24273a",
    "box": {
      "body": {
        "highlight": "rgba(198, 160, 246, 0.2)",
        "self": "var(--color-body)",
      },
      "header": "rgba(42, 46, 65, 1)",
    },
    "brown": {
      "dark": {
        "num1": "hsla(0, 58%, 77%, 1)",
        "num2": "hsla(0, 58%, 69%, 1)",
      },
      "light": "hsla(0, 58%, 88%, 1)",
      "self": "#f0c6c6",
    },
    "button": "rgba(43, 47, 66, 1)",
    "card": "#24273a",
    "caret": "var(--color-text)",
    "codeBg": "unset",
    "console": {
      "activeBg": "#494d64",
      "bg": "#181926",
      "border": "#6e738d",
      "fg": {
        "self": "#cad3f5",
        "subtle": "#a5adcb",
      },
      "hoverBg": "rgba(91, 96, 120, 0.2)",
      "link": "#8aadf4",
      "menu": {
        "bg": "var(--color-menu)",
        "border": "var(--color-secondary)",
      },
    },
    "danger": "var(--color-red)",
    "diff": {
      "added": {
        "fg": "#a6da95",
        "linenum": {
          "bg": "rgba(166, 218, 149, 0.1)",
        },
        "row": {
          "bg": "rgba(166, 218, 149, 0.2)",
          "border": "rgba(166, 218, 149, 0.2)",
        },
        "word": {
          "bg": "rgba(166, 218, 149, 0.1)",
        },
      },
      "inactive": "#939ab7",
      "moved": {
        "row": {
          "bg": "rgba(238, 212, 159, 0.2)",
          "border": "rgba(238, 212, 159, 0.2)",
        },
      },
      "removed": {
        "fg": "#ed8796",
        "linenum": {
          "bg": "rgba(237, 135, 150, 0.1)",
        },
        "row": {
          "bg": "rgba(237, 135, 150, 0.2)",
          "border": "rgba(237, 135, 150, 0.2)",
        },
        "word": {
          "bg": "rgba(237, 135, 150, 0.1)",
        },
      },
    },
    "editor": {
      "lineHighlight": "rgba(202, 211, 245, 0.1)",
      "selection": "var(--color-editor-line-highlight)",
    },
    "error": {
      "bg": {
        "active": "rgba(237, 135, 150, 0.5)",
        "hover": "rgba(237, 135, 150, 0.3)",
        "self": "rgba(237, 135, 150, 0.1)",
      },
      "border": "rgba(237, 135, 150, 0.4)",
      "text": "hsla(351, 94%, 73%, 1)",
    },
    "expandButton": "rgba(198, 160, 246, 0.5)",
    "footer": "#1e2030",
    "gold": "#f4dbd6",
    "green": {
      "badge": {
        "bg": "rgba(166, 218, 149, 0.1)",
        "hover": {
          "bg": "rgba(166, 218, 149, 0.3)",
        },
        "self": "#a6da95",
      },
      "dark": {
        "num1": "hsla(105, 48%, 65%, 1)",
        "num2": "hsla(105, 48%, 58%, 1)",
      },
      "light": "hsla(105, 48%, 76%, 1)",
      "self": "#a6da95",
    },
    "grey": {
      "light": "hsla(228, 20%, 70%, 1)",
      "self": "#939ab7",
    },
    "highlight": {
      "bg": "rgba(139, 213, 202, 0.2)",
      "fg": "#cad3f5",
    },
    "hover": {
      "opaque": "var(--color-box-header)",
      "self": "rgba(128, 135, 162, 0.3)",
    },
    "info": {
      "bg": "rgba(138, 173, 244, 0.1)",
      "border": "rgba(138, 173, 244, 0.4)",
      "text": "hsla(220, 100%, 75%, 1)",
    },
    "input": {
      "background": "#1e2030",
      "border": "#494d64",
      "text": "var(--color-text)",
      "toggleBackground": "#1e2030",
    },
    "label": {
      "activeBg": "rgba(110, 115, 141, 0.5)",
      "bg": "rgba(54, 58, 79, 0.4)",
      "hoverBg": "rgba(91, 96, 120, 0.2)",
      "text": "#cad3f5",
    },
    "light": {
      "border": "#494d64",
      "self": "var(--color-body)",
    },
    "logo": "var(--color-primary)",
    "markup": {
      "code": {
        "block": "rgba(202, 211, 245, 0.05)",
        "inline": "#363a4f",
      },
      "tableRow": "rgba(202, 211, 245, 0.02)",
    },
    "menu": "#24273a",
    "nav": {
      "bg": "#181926",
      "hoverBg": "var(--color-hover)",
      "text": "var(--color-text)",
    },
    "olive": {
      "dark": {
        "num1": "hsla(105, 48%, 65%, 1)",
        "num2": "hsla(105, 48%, 58%, 1)",
      },
      "light": "hsla(105, 48%, 76%, 1)",
      "self": "#a6da95",
    },
    "orange": {
      "badge": {
        "bg": "rgba(245, 169, 127, 0.1)",
        "hover": {
          "bg": "rgba(245, 169, 127, 0.3)",
        },
        "self": "#f5a97f",
      },
      "dark": {
        "num1": "hsla(21, 86%, 66%, 1)",
        "num2": "hsla(21, 86%, 58%, 1)",
      },
      "light": "hsla(21, 86%, 77%, 1)",
      "self": "#f5a97f",
    },
    "overlayBackdrop": "#161b2266",
    "pink": {
      "dark": {
        "num1": "hsla(316, 74%, 77%, 1)",
        "num2": "hsla(316, 74%, 68%, 1)",
      },
      "light": "hsla(316, 74%, 87%, 1)",
      "self": "#f5bde6",
    },
    "placeholderText": "var(--color-text-light-3)",
    "primary": {
      "active": "var(--color-primary-light-2)",
      "alpha": {
        "num10": "rgba(198, 160, 246, 0.1)",
        "num20": "rgba(198, 160, 246, 0.2)",
        "num30": "rgba(198, 160, 246, 0.3)",
        "num40": "rgba(198, 160, 246, 0.4)",
        "num50": "rgba(198, 160, 246, 0.5)",
        "num60": "rgba(198, 160, 246, 0.6)",
        "num70": "rgba(198, 160, 246, 0.7)",
        "num80": "rgba(198, 160, 246, 0.8)",
        "num90": "rgba(198, 160, 246, 0.9)",
      },
      "contrast": "#181926",
      "dark": {
        "num1": "hsla(267, 83%, 82%, 1)",
        "num2": "hsla(267, 83%, 85%, 1)",
        "num3": "hsla(267, 83%, 87%, 1)",
        "num4": "hsla(267, 83%, 89%, 1)",
        "num5": "hsla(267, 83%, 92%, 1)",
        "num6": "hsla(267, 83%, 94%, 1)",
        "num7": "hsla(267, 83%, 97%, 1)",
      },
      "hover": "var(--color-primary-light-1)",
      "light": {
        "num1": "hsla(267, 83%, 70%, 1)",
        "num2": "hsla(267, 83%, 61%, 1)",
        "num3": "hsla(267, 83%, 51%, 1)",
        "num4": "hsla(267, 83%, 41%, 1)",
        "num5": "hsla(267, 83%, 32%, 1)",
        "num6": "hsla(267, 83%, 22%, 1)",
        "num7": "hsla(267, 83%, 13%, 1)",
      },
      "self": "#c6a0f6",
    },
    "priority": {
      "bg": "rgba(198, 160, 246, 0.1)",
      "border": "rgba(198, 160, 246, 0.4)",
      "text": "hsla(267, 100%, 80%, 1)",
    },
    "projectColumnBg": "var(--color-secondary-light-2)",
    "purple": {
      "dark": {
        "num1": "hsla(267, 83%, 72%, 1)",
        "num2": "hsla(267, 83%, 64%, 1)",
      },
      "light": "hsla(267, 83%, 83%, 1)",
      "self": "#c6a0f6",
    },
    "reaction": {
      "activeBg": "var(--color-primary-alpha-40)",
      "bg": "initial",
      "hoverBg": "var(--color-primary)",
    },
    "red": {
      "badge": {
        "bg": "rgba(237, 135, 150, 0.1)",
        "hover": {
          "bg": "rgba(237, 135, 150, 0.3)",
        },
        "self": "#ed8796",
      },
      "dark": {
        "num1": "hsla(351, 74%, 66%, 1)",
        "num2": "hsla(351, 74%, 58%, 1)",
      },
      "light": "hsla(351, 74%, 77%, 1)",
      "self": "#ed8796",
    },
    "secondary": {
      "active": "var(--color-secondary-dark-2)",
      "alpha": {
        "num10": "rgba(73, 77, 100, 0.1)",
        "num20": "rgba(73, 77, 100, 0.2)",
        "num30": "rgba(73, 77, 100, 0.3)",
        "num40": "rgba(73, 77, 100, 0.4)",
        "num50": "rgba(73, 77, 100, 0.5)",
        "num60": "rgba(73, 77, 100, 0.6)",
        "num70": "rgba(73, 77, 100, 0.7)",
        "num80": "rgba(73, 77, 100, 0.8)",
        "num90": "rgba(73, 77, 100, 0.9)",
      },
      "button": "var(--color-secondary-dark-4)",
      "dark": {
        "num1": "hsla(231, 16%, 38%, 1)",
        "num10": "hsla(231, 16%, 74%, 1)",
        "num11": "hsla(231, 16%, 78%, 1)",
        "num12": "hsla(231, 16%, 81%, 1)",
        "num13": "hsla(231, 16%, 87%, 1)",
        "num2": "hsla(231, 16%, 42%, 1)",
        "num3": "hsla(231, 16%, 46%, 1)",
        "num4": "hsla(231, 16%, 50%, 1)",
        "num5": "hsla(231, 16%, 54%, 1)",
        "num6": "hsla(231, 16%, 58%, 1)",
        "num7": "hsla(231, 16%, 62%, 1)",
        "num8": "hsla(231, 16%, 66%, 1)",
        "num9": "hsla(231, 16%, 70%, 1)",
      },
      "hover": "var(--color-secondary-dark-3)",
      "light": {
        "num1": "hsla(231, 16%, 28%, 1)",
        "num2": "hsla(231, 16%, 22%, 1)",
        "num3": "hsla(231, 16%, 16%, 1)",
        "num4": "hsla(231, 16%, 9%, 1)",
      },
      "self": "#494d64",
    },
    "secondaryBg": "unset",
    "secondaryNavBg": "var(--color-body)",
    "shadow": {
      "opaque": "var(--color-shadow)",
      "self": "rgba(24, 25, 38, 0.1)",
    },
    "smallAccent": "var(--color-primary-light-5)",
    "success": {
      "bg": "rgba(166, 218, 149, 0.1)",
      "border": "rgba(166, 218, 149, 0.4)",
      "text": "hsla(105, 68%, 72%, 1)",
    },
    "teal": {
      "dark": {
        "num1": "hsla(171, 47%, 62%, 1)",
        "num2": "hsla(171, 47%, 55%, 1)",
      },
      "light": "hsla(171, 47%, 74%, 1)",
      "self": "#8bd5ca",
    },
    "text": {
      "dark": "#a5adcb",
      "light": {
        "num1": "#b8c0e0",
        "num2": "#b8c0e0",
        "num3": "#b8c0e0",
        "self": "#b8c0e0",
      },
      "self": "#cad3f5",
    },
    "timeline": "#363a4f",
    "tooltip": {
      "bg": "#b7bdf8",
      "text": "#24273a",
    },
    "transparency": {
      "grid": {
        "dark": "#e5e5e5",
        "light": "#ffffff",
      },
    },
    "violet": {
      "dark": {
        "num1": "hsla(234, 82%, 76%, 1)",
        "num2": "hsla(234, 82%, 68%, 1)",
      },
      "light": "hsla(234, 82%, 87%, 1)",
      "self": "#b7bdf8",
    },
    "warning": {
      "bg": "rgba(238, 212, 159, 0.1)",
      "border": "rgba(238, 212, 159, 0.4)",
      "text": "hsla(40, 90%, 78%, 1)",
    },
    "white": "#f0f6fc",
    "workflowEdgeHover": "#c6a0f6",
    "yellow": {
      "badge": {
        "bg": "rgba(238, 212, 159, 0.1)",
        "hover": {
          "bg": "rgba(238, 212, 159, 0.3)",
        },
        "self": "#eed49f",
      },
      "dark": {
        "num1": "hsla(40, 70%, 70%, 1)",
        "num2": "hsla(40, 70%, 62%, 1)",
      },
      "light": "hsla(40, 70%, 81%, 1)",
      "self": "#eed49f",
    },
  },
  "github": {
    "avatar": {
      "bgColor": "rgba(73, 77, 100, 0.26)",
      "borderColor": "#363a4f",
    },
    "bgColor": {
      "accent": {
        "emphasis": "#c6a0f6",
        "muted": "rgba(198, 160, 246, 0.2)",
      },
      "attention": {
        "emphasis": "#eed49f",
      },
      "danger": {
        "emphasis": "#ed8796",
      },
      "done": {
        "emphasis": "#c6a0f6",
      },
      "neutral": {
        "emphasis": "#a5adcb",
      },
      "success": {
        "emphasis": "#a6da95",
      },
    },
    "borderColor": {
      "accent": {
        "emphasis": "#c6a0f6",
      },
      "attention": {
        "emphasis": "#f0c6c6",
      },
      "done": {
        "emphasis": "#c6a0f6",
      },
      "emphasis": "#484f58",
      "success": {
        "emphasis": "#a6da95",
      },
    },
    "button": {
      "danger": {
        "bgColor": {
          "active": "hsla(351, 74%, 68%, 1)",
          "hover": "#ed8796",
          "rest": "rgba(43, 47, 66, 1)",
        },
        "borderColor": {
          "hover": "#ed8796",
        },
        "fgColor": {
          "hover": "#24273a",
          "rest": "#ed8796",
        },
      },
      "default": {
        "bgColor": {
          "active": "#5b6078",
        },
      },
      "invisible": {
        "iconColor": {
          "rest": "#939ab7",
        },
      },
      "primary": {
        "bgColor": {
          "active": "hsla(105, 53%, 72%, 1)",
          "hover": "hsla(105, 48%, 77%, 1)",
          "rest": "#a6da95",
        },
        "borderColor": {
          "hover": "#a6da95",
          "rest": "#a6da95",
        },
        "fgColor": {
          "rest": "#24273a",
        },
      },
      "star": {
        "iconColor": "#eed49f",
      },
    },
    "contribution": {
      "default": {
        "bgColor": {
          "num0": "rgba(198, 160, 246, 0.1)",
          "num1": "rgba(198, 160, 246, 0.4)",
          "num2": "rgba(198, 160, 246, 0.6)",
          "num3": "rgba(198, 160, 246, 0.8)",
          "num4": "#c6a0f6",
        },
        "borderColor": {
          "num0": "rgba(36, 39, 58, 0.05)",
          "num1": "var(--github-contribution-default-borderColor-0)",
          "num2": "var(--github-contribution-default-borderColor-0)",
          "num3": "var(--github-contribution-default-borderColor-0)",
          "num4": "var(--github-contribution-default-borderColor-0)",
        },
      },
    },
    "control": {
      "bgColor": {
        "rest": "var(--color-timeline)",
      },
      "danger": {
        "bgColor": {
          "active": "rgba(237, 135, 150, 0.3)",
          "hover": "rgba(237, 135, 150, 0.1)",
        },
        "fgColor": {
          "hover": "hsla(351, 74%, 77%, 1)",
        },
      },
      "transparent": {
        "bgColor": {
          "active": "rgba(110, 115, 141, 0.5)",
          "hover": "rgba(91, 96, 120, 0.2)",
        },
        "borderColor": {
          "active": "#0000",
        },
      },
    },
    "controlKnob": {
      "bgColor": {
        "rest": "#24273a",
      },
    },
    "controlTrack": {
      "bgColor": {
        "rest": "#363a4f",
      },
    },
    "counter": {
      "borderColor": "#0000",
    },
    "fgColor": {
      "accent": "#c6a0f6",
      "done": "#c6a0f6",
      "onEmphasis": "#24273a",
      "success": "#a6da95",
    },
    "progressBar": {
      "track": {
        "bgColor": "#0000",
        "borderColor": "#0000",
      },
    },
    "shadow": {
      "floating": {
        "small": "0px 0px 0px 1px #494d64, 0px 6px 12px -3px #181926, 0px 6px 18px 0px #181926;",
      },
      "inset": "inset 0px 1px 0px 0px #181926",
      "resting": {
        "medium": "drop-shadow(0 1px 1px #181926) drop-shadow(0 3px 6px #181926)",
        "small": "0px 1px 1px 0px #181926, 0px 1px 3px 0px #181926;",
      },
    },
    "themeExtra": {
      "button": {
        "primary": {
          "fgColor": {
            "accent": "#a6da95",
          },
        },
      },
      "contribution": {
        "default": {
          "bgColor": {
            "num5": "hsla(268, 92%, 85%, 1)",
          },
          "borderColor": {
            "num5": "var(--github-contribution-default-borderColor-0)",
          },
        },
      },
    },
    "topicTag": {
      "borderColor": "#0000",
    },
    "underlineNav": {
      "borderColor": {
        "active": "#c6a0f6",
      },
    },
    "workflowCardBg": "#1e2030",
  },
  "isDarkTheme": true,
}
`;

exports[`catppuccin 暗/亮模式语义 > light 主题 base.black 应为深色 5`] = `
{
  "attribute": "#df8e1d",
  "bool": "#04a5e5",
  "comment": "#7c7f93",
  "commentSpecial": "#9ca0b0",
  "control": "#fe640b",
  "decorator": "#ea76cb",
  "deletedBg": "rgba(210, 15, 57, 0.4)",
  "diffFg": "rgba(223, 142, 29, 0.4)",
  "emph": "#df8e1d",
  "entity": "#1e66f5",
  "escape": "#1e66f5",
  "heading": "#d20f39",
  "insertedBg": "rgba(64, 160, 43, 0.4)",
  "invalid": "#d20f39",
  "keyword": "#8839ef",
  "link": "#1e66f5",
  "matchingBracketBg": "rgba(23, 146, 153, 0.4)",
  "name": "#7287fd",
  "namePseudo": "#fe640b",
  "namespace": "#df8e1d",
  "nonmatchingBracketBg": "rgba(210, 15, 57, 0.4)",
  "number": "#fe640b",
  "operator": "#04a5e5",
  "output": "#fe640b",
  "preproc": "#1e66f5",
  "preprocFile": "#1e66f5",
  "prompt": "#9ca0b0",
  "property": "#1e66f5",
  "punctuation": "#7c7f93",
  "regexp": "#1e66f5",
  "string": "#40a02b",
  "stringSpecial": "#40a02b",
  "strong": "#df8e1d",
  "subheading": "#04a5e5",
  "tag": "#df8e1d",
  "text": "#4c4f69",
  "textAlt": "#6c6f85",
  "traceback": "#e64553",
  "type": "#df8e1d",
  "variable": "#fe640b",
  "whitespace": "#9ca0b0",
}
`;

exports[`catppuccin 暗/亮模式语义 > light 主题 base.black 应为深色 6`] = `
{
  "attribute": "#e5c890",
  "bool": "#99d1db",
  "comment": "#949cbb",
  "commentSpecial": "#737994",
  "control": "#ef9f76",
  "decorator": "#f4b8e4",
  "deletedBg": "rgba(231, 130, 132, 0.4)",
  "diffFg": "rgba(229, 200, 144, 0.4)",
  "emph": "#e5c890",
  "entity": "#8caaee",
  "escape": "#8caaee",
  "heading": "#e78284",
  "insertedBg": "rgba(166, 209, 137, 0.4)",
  "invalid": "#e78284",
  "keyword": "#ca9ee6",
  "link": "#8caaee",
  "matchingBracketBg": "rgba(129, 200, 190, 0.4)",
  "name": "#babbf1",
  "namePseudo": "#ef9f76",
  "namespace": "#e5c890",
  "nonmatchingBracketBg": "rgba(231, 130, 132, 0.4)",
  "number": "#ef9f76",
  "operator": "#99d1db",
  "output": "#ef9f76",
  "preproc": "#8caaee",
  "preprocFile": "#8caaee",
  "prompt": "#737994",
  "property": "#8caaee",
  "punctuation": "#949cbb",
  "regexp": "#8caaee",
  "string": "#a6d189",
  "stringSpecial": "#a6d189",
  "strong": "#e5c890",
  "subheading": "#99d1db",
  "tag": "#e5c890",
  "text": "#c6d0f5",
  "textAlt": "#a5adce",
  "traceback": "#ea999c",
  "type": "#e5c890",
  "variable": "#ef9f76",
  "whitespace": "#737994",
}
`;

exports[`catppuccin 暗/亮模式语义 > light 主题 base.black 应为深色 7`] = `
{
  "attribute": "#eed49f",
  "bool": "#91d7e3",
  "comment": "#939ab7",
  "commentSpecial": "#6e738d",
  "control": "#f5a97f",
  "decorator": "#f5bde6",
  "deletedBg": "rgba(237, 135, 150, 0.4)",
  "diffFg": "rgba(238, 212, 159, 0.4)",
  "emph": "#eed49f",
  "entity": "#8aadf4",
  "escape": "#8aadf4",
  "heading": "#ed8796",
  "insertedBg": "rgba(166, 218, 149, 0.4)",
  "invalid": "#ed8796",
  "keyword": "#c6a0f6",
  "link": "#8aadf4",
  "matchingBracketBg": "rgba(139, 213, 202, 0.4)",
  "name": "#b7bdf8",
  "namePseudo": "#f5a97f",
  "namespace": "#eed49f",
  "nonmatchingBracketBg": "rgba(237, 135, 150, 0.4)",
  "number": "#f5a97f",
  "operator": "#91d7e3",
  "output": "#f5a97f",
  "preproc": "#8aadf4",
  "preprocFile": "#8aadf4",
  "prompt": "#6e738d",
  "property": "#8aadf4",
  "punctuation": "#939ab7",
  "regexp": "#8aadf4",
  "string": "#a6da95",
  "stringSpecial": "#a6da95",
  "strong": "#eed49f",
  "subheading": "#91d7e3",
  "tag": "#eed49f",
  "text": "#cad3f5",
  "textAlt": "#a5adcb",
  "traceback": "#ee99a0",
  "type": "#eed49f",
  "variable": "#f5a97f",
  "whitespace": "#6e738d",
}
`;

exports[`catppuccin 暗/亮模式语义 > light 主题 base.black 应为深色 8`] = `
{
  "attribute": "#f9e2af",
  "bool": "#89dceb",
  "comment": "#9399b2",
  "commentSpecial": "#6c7086",
  "control": "#fab387",
  "decorator": "#f5c2e7",
  "deletedBg": "rgba(243, 139, 168, 0.4)",
  "diffFg": "rgba(249, 226, 175, 0.4)",
  "emph": "#f9e2af",
  "entity": "#89b4fa",
  "escape": "#89b4fa",
  "heading": "#f38ba8",
  "insertedBg": "rgba(166, 227, 161, 0.4)",
  "invalid": "#f38ba8",
  "keyword": "#cba6f7",
  "link": "#89b4fa",
  "matchingBracketBg": "rgba(148, 226, 213, 0.4)",
  "name": "#b4befe",
  "namePseudo": "#fab387",
  "namespace": "#f9e2af",
  "nonmatchingBracketBg": "rgba(243, 139, 168, 0.4)",
  "number": "#fab387",
  "operator": "#89dceb",
  "output": "#fab387",
  "preproc": "#89b4fa",
  "preprocFile": "#89b4fa",
  "prompt": "#6c7086",
  "property": "#89b4fa",
  "punctuation": "#9399b2",
  "regexp": "#89b4fa",
  "string": "#a6e3a1",
  "stringSpecial": "#a6e3a1",
  "strong": "#f9e2af",
  "subheading": "#89dceb",
  "tag": "#f9e2af",
  "text": "#cdd6f4",
  "textAlt": "#a6adc8",
  "traceback": "#eba0ac",
  "type": "#f9e2af",
  "variable": "#fab387",
  "whitespace": "#6c7086",
}
`;
